*** Using Compiler 'V5.06 update 7 (build 960)', folder: 'C:\application\MCU\Keil_v5\ARM\ARMCC\Bin'
Rebuild target 'N32WB03x'
assembling startup_n32wb03x.s...
compiling misc.c...
compiling n32wb03x_exti.c...
compiling system_n32wb03x.c...
compiling n32wb03x_crc.c...
compiling n32wb03x_dma.c...
compiling n32wb03x_adc.c...
compiling n32wb03x_gpio.c...
compiling n32wb03x_rcc.c...
compiling n32wb03x_qflash.c...
compiling n32wb03x_spi.c...
compiling n32wb03x_usart.c...
compiling n32wb03x_lpuart.c...
compiling n32wb03x_tim.c...
compiling lib_att.c...
compiling prf.c...
compiling diss.c...
compiling bass.c...
compiling prf_utils.c...
compiling diss_task.c...
compiling bass_task.c...
compiling ns_log_lpuart.c...
compiling rdtss.c...
compiling ns_error.c...
compiling rdts_common.c...
compiling rdtss_task.c...
compiling rwip_driver.c...
compiling rwip.c...
compiling app_batt.c...
compiling ns_sleep.c...
compiling ns_timer.c...
compiling ns_ble_task.c...
compiling ns_sec.c...
compiling app_ns_ius.c...
compiling ns_ble.c...
compiling App_COMMAND.c...
compiling App_TIMER.c...
compiling Mid_FRAME.c...
compiling Mid_TIME.c...
compiling Mid_BLE.c...
compiling Int_BEEP.c...
compiling Int_DIGITRON.c...
compiling app_ble.c...
compiling Int_KEY.c...
compiling app_dis.c...
compiling main.c...
compiling app.c...
compiling app_rdtss.c...
compiling Int_LED.c...
compiling App_BOARD.c...
compiling Com_CRC.c...
compiling Int_RELAY.c...
compiling Dri_TICK.c...
compiling Port_SDK.c...
compiling Dri_UART.c...
linking...
Program Size: Code=22646 RO-data=5450 RW-data=372 ZI-data=8636  
After Build - User command #1: fromelf --bin --output=.\bin\rdts.bin .\Objects\rdts.axf
".\Objects\rdts.axf" - 0 Error(s), 0 Warning(s).
Build Time Elapsed:  00:00:12
